{
    "scripts": {
        "post-update-cmd": [
            "Mleko\\Wingman\\Composer\\EventHandler::format"
        ]
    }
}
