{
    "name": "mleko/wingman",
    "license": "MIT",
    "require": {
        "php": "7.0",
        "mleko/narrator": "0.1",
        "mleko/wingman": "0.1"
    }
}
