{
    "name": "mleko/wingman",
    "license": "MIT"
}
